[2026-08-19 20:52:00] Would create PR titled "Update docs based on freshness report" with body:
# Documentation Freshness Report

- Document: docs/README.md
- Last updated: 2026-08-01
- Status: Fresh
[2026-08-19 21:00:00] Would create PR titled "Update docs based on freshness report" with body:
# Documentation Freshness Report

- Document: docs/README.md
- Last updated: 2026-08-01
- Status: Fresh
[2026-08-19 21:01:02] Would create PR titled "Update docs based on freshness report" with body:
# Documentation Freshness Report

- Document: docs/README.md
- Last updated: 2026-08-01
- Status: Fresh
[2026-08-19 21:02:04] Would create PR titled "Update docs based on freshness report" with body:
# Documentation Freshness Report

- Document: docs/README.md
- Last updated: 2026-08-01
- Status: Fresh
[2026-08-19 21:03:07] Would create PR titled "Update docs based on freshness report" with body:
# Documentation Freshness Report

- Document: docs/README.md
- Last updated: 2026-08-01
- Status: Fresh
[2026-08-19 21:04:08] Would create PR titled "Update docs based on freshness report" with body:
# Documentation Freshness Report

- Document: docs/README.md
- Last updated: 2026-08-01
- Status: Fresh
[2026-08-19 21:05:10] Would create PR titled "Update docs based on freshness report" with body:
# Documentation Freshness Report

- Document: docs/README.md
- Last updated: 2026-08-01
- Status: Fresh
